========================================
   libspin 0.0.1: test/test-suite.log
========================================

# TOTAL: 6
# PASS:  6
# SKIP:  0
# XFAIL: 0
# FAIL:  0
# XPASS: 0
# ERROR: 0

.. contents:: :depth: 2

